// Jest Snapshot v1, https://goo.gl/fbAQLP

exports[`renders correctly 1`] = `
<RCTScrollView>
  <View>
    <Text
      style={
        Object {
          "fontSize": 24,
          "fontWeight": "600",
          "letterSpacing": 0.44,
          "marginBottom": 0,
          "marginLeft": 12,
          "paddingTop": 50,
        }
      }
    >
      Magazine Issues
    </Text>
    <View
      style={
        Object {
          "display": "flex",
          "flexDirection": "row",
          "justifyContent": "space-between",
          "padding": 12,
        }
      }
    >
      <Text>
        Magazine
      </Text>
      <Text>
        Gardening
      </Text>
      <Text>
        Travel
      </Text>
      <Text>
        Computing
      </Text>
    </View>
    <View
      style={
        Object {
          "alignItems": "stretch",
          "display": "flex",
          "flex": 1,
          "flexDirection": "row",
          "justifyContent": "space-evenly",
          "marginBottom": 32,
          "paddingBottom": 12,
        }
      }
    >
      <RCTSwitch
        accessibilityRole="switch"
        onChange={[Function]}
        onResponderTerminationRequest={[Function]}
        onStartShouldSetResponder={[Function]}
        style={
          Object {
            "height": 31,
            "width": 51,
          }
        }
        value={true}
      />
      <RCTSwitch
        accessibilityRole="switch"
        onChange={[Function]}
        onResponderTerminationRequest={[Function]}
        onStartShouldSetResponder={[Function]}
        style={
          Object {
            "height": 31,
            "width": 51,
          }
        }
        value={true}
      />
      <RCTSwitch
        accessibilityRole="switch"
        onChange={[Function]}
        onResponderTerminationRequest={[Function]}
        onStartShouldSetResponder={[Function]}
        style={
          Object {
            "height": 31,
            "width": 51,
          }
        }
        value={true}
      />
      <RCTSwitch
        accessibilityRole="switch"
        onChange={[Function]}
        onResponderTerminationRequest={[Function]}
        onStartShouldSetResponder={[Function]}
        style={
          Object {
            "height": 31,
            "width": 51,
          }
        }
        value={true}
      />
    </View>
    <RCTScrollView
      data={
        Array [
          Object {
            "0": Object {
              "cover": "Which? Magazine",
              "issue": "September 2022",
              "uri": "https://via.placeholder.com/160x220.png",
            },
            "id": 1,
          },
          Object {
            "0": Object {
              "cover": "Which? Travel",
              "issue": "September 2022",
              "uri": "https://via.placeholder.com/160x220.png",
            },
            "id": 2,
          },
          Object {
            "0": Object {
              "cover": "Which? Computing",
              "issue": "September 2022",
              "uri": "https://via.placeholder.com/160x220.png",
            },
            "id": 3,
          },
          Object {
            "0": Object {
              "cover": "Which? Gardening",
              "issue": "September 2022",
              "uri": "https://via.placeholder.com/160x220.png",
            },
            "id": 4,
          },
          Object {
            "0": Object {
              "cover": "Which? Magazine",
              "issue": "August 2022",
              "uri": "https://via.placeholder.com/160x220.png",
            },
            "id": 5,
          },
          Object {
            "0": Object {
              "cover": "Which? Travel",
              "issue": "August 2022",
              "uri": "https://via.placeholder.com/160x220.png",
            },
            "id": 6,
          },
          Object {
            "0": Object {
              "cover": "Which? Computing",
              "issue": "August 2022",
              "uri": "https://via.placeholder.com/160x220.png",
            },
            "id": 7,
          },
          Object {
            "0": Object {
              "cover": "Which? Gardening",
              "issue": "August 2022",
              "uri": "https://via.placeholder.com/160x220.png",
            },
            "id": 8,
          },
          Object {
            "0": Object {
              "cover": "Which? Magazine",
              "issue": "July 2022",
              "uri": "https://via.placeholder.com/160x220.png",
            },
            "id": 9,
          },
          Object {
            "0": Object {
              "cover": "Which? Travel",
              "issue": "July 2022",
              "uri": "https://via.placeholder.com/160x220.png",
            },
            "id": 10,
          },
          Object {
            "0": Object {
              "cover": "Which? Computing",
              "issue": "July 2022",
              "uri": "https://via.placeholder.com/160x220.png",
            },
            "id": 11,
          },
          Object {
            "0": Object {
              "cover": "Which? Gardening",
              "issue": "July 2022",
              "uri": "https://via.placeholder.com/160x220.png",
            },
            "id": 12,
          },
          Object {
            "0": Object {
              "cover": "Which? Magazine",
              "issue": "June 2022",
              "uri": "https://via.placeholder.com/160x220.png",
            },
            "id": 13,
          },
          Object {
            "0": Object {
              "cover": "Which? Travel",
              "issue": "June 2022",
              "uri": "https://via.placeholder.com/160x220.png",
            },
            "id": 14,
          },
          Object {
            "0": Object {
              "cover": "Which? Computing",
              "issue": "June 2022",
              "uri": "https://via.placeholder.com/160x220.png",
            },
            "id": 15,
          },
          Object {
            "0": Object {
              "cover": "Which? Gardening",
              "issue": "June 2022",
              "uri": "https://via.placeholder.com/160x220.png",
            },
            "id": 16,
          },
        ]
      }
      getItem={[Function]}
      getItemCount={[Function]}
      keyExtractor={[Function]}
      onContentSizeChange={[Function]}
      onLayout={[Function]}
      onMomentumScrollBegin={[Function]}
      onMomentumScrollEnd={[Function]}
      onScroll={[Function]}
      onScrollBeginDrag={[Function]}
      onScrollEndDrag={[Function]}
      removeClippedSubviews={false}
      renderItem={[Function]}
      scrollEventThrottle={50}
      stickyHeaderIndices={Array []}
      viewabilityConfigCallbackPairs={Array []}
    >
      <View>
        <View
          onLayout={[Function]}
          style={null}
        >
          <View
            style={
              Object {
                "background": "#fff",
                "borderColor": "black",
                "borderRadius": 10,
                "boxShadow": "0px 15px 88px -37px rgba(0,0,0,0.17)",
                "height": 350,
                "margin": 10,
                "overflow": "hidden",
                "paddingTop": 24,
                "textAlign": "center",
                "width": "auto",
              }
            }
          >
            <Image
              source={
                Object {
                  "uri": "https://via.placeholder.com/160x220.png",
                }
              }
              style={
                Object {
                  "height": 260,
                  "overflow": "hidden",
                  "width": "auto",
                }
              }
            />
            <Text
              style={
                Object {
                  "fontSize": 21,
                  "lineHeight": 28,
                  "marginTop": 12,
                }
              }
            >
              Which? Magazine
            </Text>
            <Text
              style={
                Object {
                  "fontSize": 14,
                }
              }
            >
              September 2022
            </Text>
          </View>
        </View>
        <View
          onLayout={[Function]}
          style={null}
        >
          <View
            style={
              Object {
                "background": "#fff",
                "borderColor": "black",
                "borderRadius": 10,
                "boxShadow": "0px 15px 88px -37px rgba(0,0,0,0.17)",
                "height": 350,
                "margin": 10,
                "overflow": "hidden",
                "paddingTop": 24,
                "textAlign": "center",
                "width": "auto",
              }
            }
          >
            <Image
              source={
                Object {
                  "uri": "https://via.placeholder.com/160x220.png",
                }
              }
              style={
                Object {
                  "height": 260,
                  "overflow": "hidden",
                  "width": "auto",
                }
              }
            />
            <Text
              style={
                Object {
                  "fontSize": 21,
                  "lineHeight": 28,
                  "marginTop": 12,
                }
              }
            >
              Which? Travel
            </Text>
            <Text
              style={
                Object {
                  "fontSize": 14,
                }
              }
            >
              September 2022
            </Text>
          </View>
        </View>
        <View
          onLayout={[Function]}
          style={null}
        >
          <View
            style={
              Object {
                "background": "#fff",
                "borderColor": "black",
                "borderRadius": 10,
                "boxShadow": "0px 15px 88px -37px rgba(0,0,0,0.17)",
                "height": 350,
                "margin": 10,
                "overflow": "hidden",
                "paddingTop": 24,
                "textAlign": "center",
                "width": "auto",
              }
            }
          >
            <Image
              source={
                Object {
                  "uri": "https://via.placeholder.com/160x220.png",
                }
              }
              style={
                Object {
                  "height": 260,
                  "overflow": "hidden",
                  "width": "auto",
                }
              }
            />
            <Text
              style={
                Object {
                  "fontSize": 21,
                  "lineHeight": 28,
                  "marginTop": 12,
                }
              }
            >
              Which? Computing
            </Text>
            <Text
              style={
                Object {
                  "fontSize": 14,
                }
              }
            >
              September 2022
            </Text>
          </View>
        </View>
        <View
          onLayout={[Function]}
          style={null}
        >
          <View
            style={
              Object {
                "background": "#fff",
                "borderColor": "black",
                "borderRadius": 10,
                "boxShadow": "0px 15px 88px -37px rgba(0,0,0,0.17)",
                "height": 350,
                "margin": 10,
                "overflow": "hidden",
                "paddingTop": 24,
                "textAlign": "center",
                "width": "auto",
              }
            }
          >
            <Image
              source={
                Object {
                  "uri": "https://via.placeholder.com/160x220.png",
                }
              }
              style={
                Object {
                  "height": 260,
                  "overflow": "hidden",
                  "width": "auto",
                }
              }
            />
            <Text
              style={
                Object {
                  "fontSize": 21,
                  "lineHeight": 28,
                  "marginTop": 12,
                }
              }
            >
              Which? Gardening
            </Text>
            <Text
              style={
                Object {
                  "fontSize": 14,
                }
              }
            >
              September 2022
            </Text>
          </View>
        </View>
        <View
          onLayout={[Function]}
          style={null}
        >
          <View
            style={
              Object {
                "background": "#fff",
                "borderColor": "black",
                "borderRadius": 10,
                "boxShadow": "0px 15px 88px -37px rgba(0,0,0,0.17)",
                "height": 350,
                "margin": 10,
                "overflow": "hidden",
                "paddingTop": 24,
                "textAlign": "center",
                "width": "auto",
              }
            }
          >
            <Image
              source={
                Object {
                  "uri": "https://via.placeholder.com/160x220.png",
                }
              }
              style={
                Object {
                  "height": 260,
                  "overflow": "hidden",
                  "width": "auto",
                }
              }
            />
            <Text
              style={
                Object {
                  "fontSize": 21,
                  "lineHeight": 28,
                  "marginTop": 12,
                }
              }
            >
              Which? Magazine
            </Text>
            <Text
              style={
                Object {
                  "fontSize": 14,
                }
              }
            >
              August 2022
            </Text>
          </View>
        </View>
        <View
          onLayout={[Function]}
          style={null}
        >
          <View
            style={
              Object {
                "background": "#fff",
                "borderColor": "black",
                "borderRadius": 10,
                "boxShadow": "0px 15px 88px -37px rgba(0,0,0,0.17)",
                "height": 350,
                "margin": 10,
                "overflow": "hidden",
                "paddingTop": 24,
                "textAlign": "center",
                "width": "auto",
              }
            }
          >
            <Image
              source={
                Object {
                  "uri": "https://via.placeholder.com/160x220.png",
                }
              }
              style={
                Object {
                  "height": 260,
                  "overflow": "hidden",
                  "width": "auto",
                }
              }
            />
            <Text
              style={
                Object {
                  "fontSize": 21,
                  "lineHeight": 28,
                  "marginTop": 12,
                }
              }
            >
              Which? Travel
            </Text>
            <Text
              style={
                Object {
                  "fontSize": 14,
                }
              }
            >
              August 2022
            </Text>
          </View>
        </View>
        <View
          onLayout={[Function]}
          style={null}
        >
          <View
            style={
              Object {
                "background": "#fff",
                "borderColor": "black",
                "borderRadius": 10,
                "boxShadow": "0px 15px 88px -37px rgba(0,0,0,0.17)",
                "height": 350,
                "margin": 10,
                "overflow": "hidden",
                "paddingTop": 24,
                "textAlign": "center",
                "width": "auto",
              }
            }
          >
            <Image
              source={
                Object {
                  "uri": "https://via.placeholder.com/160x220.png",
                }
              }
              style={
                Object {
                  "height": 260,
                  "overflow": "hidden",
                  "width": "auto",
                }
              }
            />
            <Text
              style={
                Object {
                  "fontSize": 21,
                  "lineHeight": 28,
                  "marginTop": 12,
                }
              }
            >
              Which? Computing
            </Text>
            <Text
              style={
                Object {
                  "fontSize": 14,
                }
              }
            >
              August 2022
            </Text>
          </View>
        </View>
        <View
          onLayout={[Function]}
          style={null}
        >
          <View
            style={
              Object {
                "background": "#fff",
                "borderColor": "black",
                "borderRadius": 10,
                "boxShadow": "0px 15px 88px -37px rgba(0,0,0,0.17)",
                "height": 350,
                "margin": 10,
                "overflow": "hidden",
                "paddingTop": 24,
                "textAlign": "center",
                "width": "auto",
              }
            }
          >
            <Image
              source={
                Object {
                  "uri": "https://via.placeholder.com/160x220.png",
                }
              }
              style={
                Object {
                  "height": 260,
                  "overflow": "hidden",
                  "width": "auto",
                }
              }
            />
            <Text
              style={
                Object {
                  "fontSize": 21,
                  "lineHeight": 28,
                  "marginTop": 12,
                }
              }
            >
              Which? Gardening
            </Text>
            <Text
              style={
                Object {
                  "fontSize": 14,
                }
              }
            >
              August 2022
            </Text>
          </View>
        </View>
        <View
          onLayout={[Function]}
          style={null}
        >
          <View
            style={
              Object {
                "background": "#fff",
                "borderColor": "black",
                "borderRadius": 10,
                "boxShadow": "0px 15px 88px -37px rgba(0,0,0,0.17)",
                "height": 350,
                "margin": 10,
                "overflow": "hidden",
                "paddingTop": 24,
                "textAlign": "center",
                "width": "auto",
              }
            }
          >
            <Image
              source={
                Object {
                  "uri": "https://via.placeholder.com/160x220.png",
                }
              }
              style={
                Object {
                  "height": 260,
                  "overflow": "hidden",
                  "width": "auto",
                }
              }
            />
            <Text
              style={
                Object {
                  "fontSize": 21,
                  "lineHeight": 28,
                  "marginTop": 12,
                }
              }
            >
              Which? Magazine
            </Text>
            <Text
              style={
                Object {
                  "fontSize": 14,
                }
              }
            >
              July 2022
            </Text>
          </View>
        </View>
        <View
          onLayout={[Function]}
          style={null}
        >
          <View
            style={
              Object {
                "background": "#fff",
                "borderColor": "black",
                "borderRadius": 10,
                "boxShadow": "0px 15px 88px -37px rgba(0,0,0,0.17)",
                "height": 350,
                "margin": 10,
                "overflow": "hidden",
                "paddingTop": 24,
                "textAlign": "center",
                "width": "auto",
              }
            }
          >
            <Image
              source={
                Object {
                  "uri": "https://via.placeholder.com/160x220.png",
                }
              }
              style={
                Object {
                  "height": 260,
                  "overflow": "hidden",
                  "width": "auto",
                }
              }
            />
            <Text
              style={
                Object {
                  "fontSize": 21,
                  "lineHeight": 28,
                  "marginTop": 12,
                }
              }
            >
              Which? Travel
            </Text>
            <Text
              style={
                Object {
                  "fontSize": 14,
                }
              }
            >
              July 2022
            </Text>
          </View>
        </View>
        <View
          style={
            Object {
              "height": 0,
            }
          }
        />
      </View>
    </RCTScrollView>
    <View
      style={
        Object {
          "alignItems": "center",
          "backgroundColor": "#fff5d4",
          "display": "flex",
          "flex": 1,
          "flexDirection": "row",
          "fontSize": 14,
          "height": 100,
          "justifyContent": "center",
          "padding": 10,
          "textAlign": "center",
          "width": "100%",
        }
      }
    >
      <Text>
        The full archive is available to Which? members
      </Text>
    </View>
  </View>
</RCTScrollView>
`;
